Circuit: *** SPICE deck for cell Test__AND2_2x{sch} from library Demo

WARNING: Node DEMO__INVERTER:INP#1PIN@25_POLYSILICON-1##3 is floating.

Warning: toxe, toxp and dtox all given and toxe != toxp + dtox; dtox ignored.
Warning: toxe, toxp and dtox all given and toxe != toxp + dtox; dtox ignored.
Warning: toxe, toxp and dtox all given and toxe != toxp + dtox; dtox ignored.
Warning: toxe, toxp and dtox all given and toxe != toxp + dtox; dtox ignored.
Warning: toxe, toxp and dtox all given and toxe != toxp + dtox; dtox ignored.
Warning: toxe, toxp and dtox all given and toxe != toxp + dtox; dtox ignored.
Warning: toxe, toxp and dtox all given and toxe != toxp + dtox; dtox ignored.
Direct Newton iteration for .op point succeeded.

tphl=1.37552e-011 FROM 1.47796e-009 TO 1.49172e-009
tplh=1.39638e-011 FROM 1.97701e-009 TO 1.99097e-009


Date: Thu Oct 17 15:02:01 2024
Total elapsed time: 0.328 seconds.

tnom = 27
temp = 27
method = modified trap
totiter = 2252
traniter = 2227
tranpoints = 1069
accept = 1069
rejected = 0
matrix size = 198
fillins = 164
solver = Normal
Thread vector: 75.4/48.9[2] 8.6/7.2[2] 2.4/2.9[1] 2.1/3.8[1]  2592/500
Matrix Compiler1: 26.4 KB object code size  7.5/5.1/[2.6]
Matrix Compiler2: off  [2.3]/3.4/3.2


